cmake : mingw32-make[2]: *** [CMakeFiles\metalslug.dir\build.make:154: CMakeFiles/metalslug.dir/src/fase2_logic.c.obj] 
Error 1
No linha:1 caractere:1
+ cmake --build build 2>build_errors.txt; Get-Content build_errors.txt  ...
+ ~~~~~~~~~~~~~~~~~~~~~~~~~~~~~~~~~~~~~~
    + CategoryInfo          : NotSpecified: (mingw32-make[2]....c.obj] Error 1:String) [], RemoteException
    + FullyQualifiedErrorId : NativeCommandError
 
mingw32-make[1]: *** [CMakeFiles\Makefile2:86: CMakeFiles/metalslug.dir/all] Error 2
mingw32-make: *** [Makefile:90: all] Error 2
